PREHOOK: query: DROP TABLE qtest
PREHOOK: type: DROPTABLE
POSTHOOK: query: DROP TABLE qtest
POSTHOOK: type: DROPTABLE
#### A masked pattern was here ####
PREHOOK: type: CREATETABLE
PREHOOK: Input: #### A masked pattern was here ####
PREHOOK: Output: database:default
PREHOOK: Output: default@qtest
#### A masked pattern was here ####
POSTHOOK: type: CREATETABLE
POSTHOOK: Input: #### A masked pattern was here ####
POSTHOOK: Output: database:default
POSTHOOK: Output: default@qtest
PREHOOK: query: EXPLAIN EXTENDED INSERT INTO qtest VALUES (1), (10), (100), (1000)
PREHOOK: type: QUERY
POSTHOOK: query: EXPLAIN EXTENDED INSERT INTO qtest VALUES (1), (10), (100), (1000)
POSTHOOK: type: QUERY
STAGE DEPENDENCIES:
  Stage-1 is a root stage
  Stage-7 depends on stages: Stage-1 , consists of Stage-4, Stage-3, Stage-5
  Stage-4
  Stage-0 depends on stages: Stage-4, Stage-3, Stage-6
  Stage-2 depends on stages: Stage-0
  Stage-3
  Stage-5
  Stage-6 depends on stages: Stage-5

STAGE PLANS:
  Stage: Stage-1
    Map Reduce
      Map Operator Tree:
          TableScan
            alias: values__tmp__table__1
            Statistics: Num rows: 1 Data size: 14 Basic stats: COMPLETE Column stats: NONE
            GatherStats: false
            Select Operator
              expressions: UDFToInteger(tmp_values_col1) (type: int)
              outputColumnNames: _col0
              Statistics: Num rows: 1 Data size: 14 Basic stats: COMPLETE Column stats: NONE
              File Output Operator
                compressed: false
                GlobalTableId: 1
#### A masked pattern was here ####
                NumFilesPerFileSink: 1
                Statistics: Num rows: 1 Data size: 14 Basic stats: COMPLETE Column stats: NONE
#### A masked pattern was here ####
                table:
                    input format: org.apache.hadoop.mapred.TextInputFormat
                    output format: org.apache.hadoop.hive.ql.io.HiveIgnoreKeyTextOutputFormat
                    properties:
                      bucket_count -1
                      columns value
                      columns.comments 
                      columns.types int
#### A masked pattern was here ####
                      location #### A masked pattern was here ####
                      name default.qtest
                      serialization.ddl struct qtest { i32 value}
                      serialization.format 1
                      serialization.lib org.apache.hadoop.hive.serde2.lazy.LazySimpleSerDe
#### A masked pattern was here ####
                    serde: org.apache.hadoop.hive.serde2.lazy.LazySimpleSerDe
                    name: default.qtest
                TotalFiles: 1
                GatherStats: true
                MultiFileSpray: false
      Path -> Alias:
#### A masked pattern was here ####
      Path -> Partition:
#### A masked pattern was here ####
          Partition
            base file name: Values__Tmp__Table__1
            input format: org.apache.hadoop.mapred.TextInputFormat
            output format: org.apache.hadoop.hive.ql.io.HiveIgnoreKeyTextOutputFormat
            properties:
              bucket_count -1
              columns tmp_values_col1
              columns.comments 
              columns.types string
#### A masked pattern was here ####
              name default.values__tmp__table__1
              serialization.ddl struct values__tmp__table__1 { string tmp_values_col1}
              serialization.format 1
              serialization.lib org.apache.hadoop.hive.serde2.lazy.LazySimpleSerDe
            serde: org.apache.hadoop.hive.serde2.lazy.LazySimpleSerDe
          
              input format: org.apache.hadoop.mapred.TextInputFormat
              output format: org.apache.hadoop.hive.ql.io.HiveIgnoreKeyTextOutputFormat
              properties:
                bucket_count -1
                columns tmp_values_col1
                columns.comments 
                columns.types string
#### A masked pattern was here ####
                name default.values__tmp__table__1
                serialization.ddl struct values__tmp__table__1 { string tmp_values_col1}
                serialization.format 1
                serialization.lib org.apache.hadoop.hive.serde2.lazy.LazySimpleSerDe
              serde: org.apache.hadoop.hive.serde2.lazy.LazySimpleSerDe
              name: default.values__tmp__table__1
            name: default.values__tmp__table__1
      Truncated Path -> Alias:
#### A masked pattern was here ####

  Stage: Stage-7
    Conditional Operator

  Stage: Stage-4
    Move Operator
      files:
          hdfs directory: true
#### A masked pattern was here ####

  Stage: Stage-0
    Move Operator
      tables:
          replace: false
#### A masked pattern was here ####
          table:
              input format: org.apache.hadoop.mapred.TextInputFormat
              output format: org.apache.hadoop.hive.ql.io.HiveIgnoreKeyTextOutputFormat
              properties:
                bucket_count -1
                columns value
                columns.comments 
                columns.types int
#### A masked pattern was here ####
                location #### A masked pattern was here ####
                name default.qtest
                serialization.ddl struct qtest { i32 value}
                serialization.format 1
                serialization.lib org.apache.hadoop.hive.serde2.lazy.LazySimpleSerDe
#### A masked pattern was here ####
              serde: org.apache.hadoop.hive.serde2.lazy.LazySimpleSerDe
              name: default.qtest

  Stage: Stage-2
    Stats-Aggr Operator
#### A masked pattern was here ####

  Stage: Stage-3
    Map Reduce
      Map Operator Tree:
          TableScan
            GatherStats: false
            File Output Operator
              compressed: false
              GlobalTableId: 0
#### A masked pattern was here ####
              NumFilesPerFileSink: 1
              table:
                  input format: org.apache.hadoop.mapred.TextInputFormat
                  output format: org.apache.hadoop.hive.ql.io.HiveIgnoreKeyTextOutputFormat
                  properties:
                    bucket_count -1
                    columns value
                    columns.comments 
                    columns.types int
#### A masked pattern was here ####
                    location #### A masked pattern was here ####
                    name default.qtest
                    serialization.ddl struct qtest { i32 value}
                    serialization.format 1
                    serialization.lib org.apache.hadoop.hive.serde2.lazy.LazySimpleSerDe
#### A masked pattern was here ####
                  serde: org.apache.hadoop.hive.serde2.lazy.LazySimpleSerDe
                  name: default.qtest
              TotalFiles: 1
              GatherStats: false
              MultiFileSpray: false
      Path -> Alias:
#### A masked pattern was here ####
      Path -> Partition:
#### A masked pattern was here ####
          Partition
            base file name: -ext-10002
            input format: org.apache.hadoop.mapred.TextInputFormat
            output format: org.apache.hadoop.hive.ql.io.HiveIgnoreKeyTextOutputFormat
            properties:
              bucket_count -1
              columns value
              columns.comments 
              columns.types int
#### A masked pattern was here ####
              location #### A masked pattern was here ####
              name default.qtest
              serialization.ddl struct qtest { i32 value}
              serialization.format 1
              serialization.lib org.apache.hadoop.hive.serde2.lazy.LazySimpleSerDe
#### A masked pattern was here ####
            serde: org.apache.hadoop.hive.serde2.lazy.LazySimpleSerDe
          
              input format: org.apache.hadoop.mapred.TextInputFormat
              output format: org.apache.hadoop.hive.ql.io.HiveIgnoreKeyTextOutputFormat
              properties:
                bucket_count -1
                columns value
                columns.comments 
                columns.types int
#### A masked pattern was here ####
                location #### A masked pattern was here ####
                name default.qtest
                serialization.ddl struct qtest { i32 value}
                serialization.format 1
                serialization.lib org.apache.hadoop.hive.serde2.lazy.LazySimpleSerDe
#### A masked pattern was here ####
              serde: org.apache.hadoop.hive.serde2.lazy.LazySimpleSerDe
              name: default.qtest
            name: default.qtest
      Truncated Path -> Alias:
#### A masked pattern was here ####

  Stage: Stage-5
    Map Reduce
      Map Operator Tree:
          TableScan
            GatherStats: false
            File Output Operator
              compressed: false
              GlobalTableId: 0
#### A masked pattern was here ####
              NumFilesPerFileSink: 1
              table:
                  input format: org.apache.hadoop.mapred.TextInputFormat
                  output format: org.apache.hadoop.hive.ql.io.HiveIgnoreKeyTextOutputFormat
                  properties:
                    bucket_count -1
                    columns value
                    columns.comments 
                    columns.types int
#### A masked pattern was here ####
                    location #### A masked pattern was here ####
                    name default.qtest
                    serialization.ddl struct qtest { i32 value}
                    serialization.format 1
                    serialization.lib org.apache.hadoop.hive.serde2.lazy.LazySimpleSerDe
#### A masked pattern was here ####
                  serde: org.apache.hadoop.hive.serde2.lazy.LazySimpleSerDe
                  name: default.qtest
              TotalFiles: 1
              GatherStats: false
              MultiFileSpray: false
      Path -> Alias:
#### A masked pattern was here ####
      Path -> Partition:
#### A masked pattern was here ####
          Partition
            base file name: -ext-10002
            input format: org.apache.hadoop.mapred.TextInputFormat
            output format: org.apache.hadoop.hive.ql.io.HiveIgnoreKeyTextOutputFormat
            properties:
              bucket_count -1
              columns value
              columns.comments 
              columns.types int
#### A masked pattern was here ####
              location #### A masked pattern was here ####
              name default.qtest
              serialization.ddl struct qtest { i32 value}
              serialization.format 1
              serialization.lib org.apache.hadoop.hive.serde2.lazy.LazySimpleSerDe
#### A masked pattern was here ####
            serde: org.apache.hadoop.hive.serde2.lazy.LazySimpleSerDe
          
              input format: org.apache.hadoop.mapred.TextInputFormat
              output format: org.apache.hadoop.hive.ql.io.HiveIgnoreKeyTextOutputFormat
              properties:
                bucket_count -1
                columns value
                columns.comments 
                columns.types int
#### A masked pattern was here ####
                location #### A masked pattern was here ####
                name default.qtest
                serialization.ddl struct qtest { i32 value}
                serialization.format 1
                serialization.lib org.apache.hadoop.hive.serde2.lazy.LazySimpleSerDe
#### A masked pattern was here ####
              serde: org.apache.hadoop.hive.serde2.lazy.LazySimpleSerDe
              name: default.qtest
            name: default.qtest
      Truncated Path -> Alias:
#### A masked pattern was here ####

  Stage: Stage-6
    Move Operator
      files:
          hdfs directory: true
#### A masked pattern was here ####

PREHOOK: query: INSERT INTO qtest VALUES (1), (10), (100), (1000)
PREHOOK: type: QUERY
PREHOOK: Input: default@values__tmp__table__2
PREHOOK: Output: default@qtest
POSTHOOK: query: INSERT INTO qtest VALUES (1), (10), (100), (1000)
POSTHOOK: type: QUERY
POSTHOOK: Input: default@values__tmp__table__2
POSTHOOK: Output: default@qtest
POSTHOOK: Lineage: qtest.value EXPRESSION [(values__tmp__table__2)values__tmp__table__2.FieldSchema(name:tmp_values_col1, type:string, comment:), ]
PREHOOK: query: EXPLAIN EXTENDED SELECT * FROM qtest
PREHOOK: type: QUERY
POSTHOOK: query: EXPLAIN EXTENDED SELECT * FROM qtest
POSTHOOK: type: QUERY
STAGE DEPENDENCIES:
  Stage-0 is a root stage

STAGE PLANS:
  Stage: Stage-0
    Fetch Operator
      limit: -1
      Processor Tree:
        TableScan
          alias: qtest
          Statistics: Num rows: 3 Data size: 14 Basic stats: COMPLETE Column stats: NONE
          GatherStats: false
          Select Operator
            expressions: value (type: int)
            outputColumnNames: _col0
            Statistics: Num rows: 3 Data size: 14 Basic stats: COMPLETE Column stats: NONE
            ListSink

PREHOOK: query: SELECT * FROM qtest
PREHOOK: type: QUERY
PREHOOK: Input: default@qtest
#### A masked pattern was here ####
POSTHOOK: query: SELECT * FROM qtest
POSTHOOK: type: QUERY
POSTHOOK: Input: default@qtest
#### A masked pattern was here ####
1
10
100
1000
